[INFO] Scanning for projects...
[INFO] 
[INFO] ---------------------< burmistrov.app:burmistrov >----------------------
[INFO] Building burmistrov 0.0.1-SNAPSHOT
[INFO]   from pom.xml
[INFO] --------------------------------[ jar ]---------------------------------
[INFO] 
[INFO] >>> spring-boot:4.1.0:run (default-cli) > test-compile @ burmistrov >>>
[INFO] 
[INFO] --- resources:3.5.0:resources (default-resources) @ burmistrov ---
[INFO] Copying 1 resource from src/main/resources to target/classes
[INFO] Copying 40 resources from src/main/resources to target/classes
[INFO] 
[INFO] --- compiler:3.15.0:compile (default-compile) @ burmistrov ---
[INFO] Nothing to compile - all classes are up to date.
[INFO] 
[INFO] --- resources:3.5.0:testResources (default-testResources) @ burmistrov ---
[INFO] skip non existing resourceDirectory /Users/leonid/IdeaProjects/burmistrov/src/test/resources
[INFO] 
[INFO] --- compiler:3.15.0:testCompile (default-testCompile) @ burmistrov ---
[INFO] Nothing to compile - all classes are up to date.
[INFO] 
[INFO] <<< spring-boot:4.1.0:run (default-cli) < test-compile @ burmistrov <<<
[INFO] 
[INFO] 
[INFO] --- spring-boot:4.1.0:run (default-cli) @ burmistrov ---
[INFO] Attaching agents: []

  .   ____          _            __ _ _
 /\\ / ___'_ __ _ _(_)_ __  __ _ \ \ \ \
( ( )\___ | '_ | '_| | '_ \/ _` | \ \ \ \
 \\/  ___)| |_)| | | | | || (_| |  ) ) ) )
  '  |____| .__|_| |_|_| |_\__, | / / / /
 =========|_|==============|___/=/_/_/_/

 :: Spring Boot ::                (v4.1.0)

2026-09-20T16:30:02.461+03:00  INFO 76943 --- [  restartedMain] app.burmistrov.BurmistrovApplication     : Starting BurmistrovApplication using Java 21.0.7 with PID 76943 (/Users/leonid/IdeaProjects/burmistrov/target/classes started by leonid in /Users/leonid/IdeaProjects/burmistrov)
2026-09-20T16:30:02.462+03:00  INFO 76943 --- [  restartedMain] app.burmistrov.BurmistrovApplication     : No active profile set, falling back to 1 default profile: "default"
2026-09-20T16:30:02.485+03:00  INFO 76943 --- [  restartedMain] .e.DevToolsPropertyDefaultsPostProcessor : Devtools property defaults active! Set 'spring.devtools.add-properties' to 'false' to disable
2026-09-20T16:30:02.485+03:00  INFO 76943 --- [  restartedMain] .e.DevToolsPropertyDefaultsPostProcessor : For additional web related logging consider setting the 'logging.level.web' property to 'DEBUG'
2026-09-20T16:30:02.750+03:00  INFO 76943 --- [  restartedMain] .s.d.r.c.RepositoryConfigurationDelegate : Multiple Spring Data modules found, entering strict repository configuration mode
2026-09-20T16:30:02.750+03:00  INFO 76943 --- [  restartedMain] .s.d.r.c.RepositoryConfigurationDelegate : Bootstrapping Spring Data JPA repositories in DEFAULT mode.
2026-09-20T16:30:02.787+03:00  INFO 76943 --- [  restartedMain] .s.d.r.c.RepositoryConfigurationDelegate : Finished Spring Data repository scanning in 32 ms. Found 16 JPA repository interfaces.
2026-09-20T16:30:02.900+03:00  INFO 76943 --- [  restartedMain] .s.d.r.c.RepositoryConfigurationDelegate : Multiple Spring Data modules found, entering strict repository configuration mode
2026-09-20T16:30:02.901+03:00  INFO 76943 --- [  restartedMain] .s.d.r.c.RepositoryConfigurationDelegate : Bootstrapping Spring Data JDBC repositories in DEFAULT mode.
2026-09-20T16:30:02.910+03:00  INFO 76943 --- [  restartedMain] .RepositoryConfigurationExtensionSupport : Spring Data JDBC - Could not safely identify store assignment for repository candidate interface app.burmistrov.repository.ClientInviteRepository; If you want this repository to be a JDBC repository, consider annotating your entities with one of these annotations: org.springframework.data.relational.core.mapping.Table.
2026-09-20T16:30:02.910+03:00  INFO 76943 --- [  restartedMain] .RepositoryConfigurationExtensionSupport : Spring Data JDBC - Could not safely identify store assignment for repository candidate interface app.burmistrov.repository.ClientProfileRepository; If you want this repository to be a JDBC repository, consider annotating your entities with one of these annotations: org.springframework.data.relational.core.mapping.Table.
2026-09-20T16:30:02.910+03:00  INFO 76943 --- [  restartedMain] .RepositoryConfigurationExtensionSupport : Spring Data JDBC - Could not safely identify store assignment for repository candidate interface app.burmistrov.repository.ExerciseCommentRepository; If you want this repository to be a JDBC repository, consider annotating your entities with one of these annotations: org.springframework.data.relational.core.mapping.Table.
2026-09-20T16:30:02.910+03:00  INFO 76943 --- [  restartedMain] .RepositoryConfigurationExtensionSupport : Spring Data JDBC - Could not safely identify store assignment for repository candidate interface app.burmistrov.repository.ExerciseRepository; If you want this repository to be a JDBC repository, consider annotating your entities with one of these annotations: org.springframework.data.relational.core.mapping.Table.
2026-09-20T16:30:02.910+03:00  INFO 76943 --- [  restartedMain] .RepositoryConfigurationExtensionSupport : Spring Data JDBC - Could not safely identify store assignment for repository candidate interface app.burmistrov.repository.PatentRepository; If you want this repository to be a JDBC repository, consider annotating your entities with one of these annotations: org.springframework.data.relational.core.mapping.Table.
2026-09-20T16:30:02.910+03:00  INFO 76943 --- [  restartedMain] .RepositoryConfigurationExtensionSupport : Spring Data JDBC - Could not safely identify store assignment for repository candidate interface app.burmistrov.repository.ProgramAssignmentRepository; If you want this repository to be a JDBC repository, consider annotating your entities with one of these annotations: org.springframework.data.relational.core.mapping.Table.
2026-09-20T16:30:02.910+03:00  INFO 76943 --- [  restartedMain] .RepositoryConfigurationExtensionSupport : Spring Data JDBC - Could not safely identify store assignment for repository candidate interface app.burmistrov.repository.PublicationRepository; If you want this repository to be a JDBC repository, consider annotating your entities with one of these annotations: org.springframework.data.relational.core.mapping.Table.
2026-09-20T16:30:02.910+03:00  INFO 76943 --- [  restartedMain] .RepositoryConfigurationExtensionSupport : Spring Data JDBC - Could not safely identify store assignment for repository candidate interface app.burmistrov.repository.RefreshTokenRepository; If you want this repository to be a JDBC repository, consider annotating your entities with one of these annotations: org.springframework.data.relational.core.mapping.Table.
2026-09-20T16:30:02.910+03:00  INFO 76943 --- [  restartedMain] .RepositoryConfigurationExtensionSupport : Spring Data JDBC - Could not safely identify store assignment for repository candidate interface app.burmistrov.repository.ScheduledWorkoutRepository; If you want this repository to be a JDBC repository, consider annotating your entities with one of these annotations: org.springframework.data.relational.core.mapping.Table.
2026-09-20T16:30:02.911+03:00  INFO 76943 --- [  restartedMain] .RepositoryConfigurationExtensionSupport : Spring Data JDBC - Could not safely identify store assignment for repository candidate interface app.burmistrov.repository.TrainerClientRepository; If you want this repository to be a JDBC repository, consider annotating your entities with one of these annotations: org.springframework.data.relational.core.mapping.Table.
2026-09-20T16:30:02.911+03:00  INFO 76943 --- [  restartedMain] .RepositoryConfigurationExtensionSupport : Spring Data JDBC - Could not safely identify store assignment for repository candidate interface app.burmistrov.repository.TrainerProfileRepository; If you want this repository to be a JDBC repository, consider annotating your entities with one of these annotations: org.springframework.data.relational.core.mapping.Table.
2026-09-20T16:30:02.911+03:00  INFO 76943 --- [  restartedMain] .RepositoryConfigurationExtensionSupport : Spring Data JDBC - Could not safely identify store assignment for repository candidate interface app.burmistrov.repository.TrainingProgramRepository; If you want this repository to be a JDBC repository, consider annotating your entities with one of these annotations: org.springframework.data.relational.core.mapping.Table.
2026-09-20T16:30:02.911+03:00  INFO 76943 --- [  restartedMain] .RepositoryConfigurationExtensionSupport : Spring Data JDBC - Could not safely identify store assignment for repository candidate interface app.burmistrov.repository.UserRepository; If you want this repository to be a JDBC repository, consider annotating your entities with one of these annotations: org.springframework.data.relational.core.mapping.Table.
2026-09-20T16:30:02.911+03:00  INFO 76943 --- [  restartedMain] .RepositoryConfigurationExtensionSupport : Spring Data JDBC - Could not safely identify store assignment for repository candidate interface app.burmistrov.repository.WorkoutAttendanceRepository; If you want this repository to be a JDBC repository, consider annotating your entities with one of these annotations: org.springframework.data.relational.core.mapping.Table.
2026-09-20T16:30:02.911+03:00  INFO 76943 --- [  restartedMain] .RepositoryConfigurationExtensionSupport : Spring Data JDBC - Could not safely identify store assignment for repository candidate interface app.burmistrov.repository.WorkoutExerciseRepository; If you want this repository to be a JDBC repository, consider annotating your entities with one of these annotations: org.springframework.data.relational.core.mapping.Table.
2026-09-20T16:30:02.911+03:00  INFO 76943 --- [  restartedMain] .RepositoryConfigurationExtensionSupport : Spring Data JDBC - Could not safely identify store assignment for repository candidate interface app.burmistrov.repository.WorkoutRepository; If you want this repository to be a JDBC repository, consider annotating your entities with one of these annotations: org.springframework.data.relational.core.mapping.Table.
2026-09-20T16:30:02.911+03:00  INFO 76943 --- [  restartedMain] .s.d.r.c.RepositoryConfigurationDelegate : Finished Spring Data repository scanning in 9 ms. Found 0 JDBC repository interfaces.
2026-09-20T16:30:03.229+03:00  INFO 76943 --- [  restartedMain] o.s.boot.tomcat.TomcatWebServer          : Tomcat initialized with port 8080 (http)
2026-09-20T16:30:03.238+03:00  INFO 76943 --- [  restartedMain] o.apache.catalina.core.StandardService   : Starting service [Tomcat]
2026-09-20T16:30:03.238+03:00  INFO 76943 --- [  restartedMain] o.apache.catalina.core.StandardEngine    : Starting Servlet engine: [Apache Tomcat/11.0.22]
2026-09-20T16:30:03.255+03:00  INFO 76943 --- [  restartedMain] b.w.c.s.WebApplicationContextInitializer : Root WebApplicationContext: initialization completed in 770 ms
2026-09-20T16:30:03.317+03:00  INFO 76943 --- [  restartedMain] com.zaxxer.hikari.HikariDataSource       : HikariPool-1 - Starting...
2026-09-20T16:30:03.460+03:00  INFO 76943 --- [  restartedMain] com.zaxxer.hikari.pool.HikariPool        : HikariPool-1 - Added connection org.postgresql.jdbc.PgConnection@a6ca45f
2026-09-20T16:30:03.461+03:00  INFO 76943 --- [  restartedMain] com.zaxxer.hikari.HikariDataSource       : HikariPool-1 - Start completed.
2026-09-20T16:30:03.579+03:00  INFO 76943 --- [  restartedMain] liquibase.database                       : Set default schema name to public
2026-09-20T16:30:05.532+03:00  INFO 76943 --- [  restartedMain] liquibase.changelog                      : Reading from public.databasechangelog
2026-09-20T16:30:05.650+03:00  INFO 76943 --- [  restartedMain] liquibase.ui                             : Database is up to date, no changesets to execute
2026-09-20T16:30:05.651+03:00  INFO 76943 --- [  restartedMain] liquibase.changelog                      : Reading from public.databasechangelog
2026-09-20T16:30:05.662+03:00  INFO 76943 --- [  restartedMain] liquibase.util                           : UPDATE SUMMARY
2026-09-20T16:30:05.662+03:00  INFO 76943 --- [  restartedMain] liquibase.util                           : Run:                          0
2026-09-20T16:30:05.662+03:00  INFO 76943 --- [  restartedMain] liquibase.util                           : Previously run:              39
2026-09-20T16:30:05.662+03:00  INFO 76943 --- [  restartedMain] liquibase.util                           : Filtered out:                 0
2026-09-20T16:30:05.662+03:00  INFO 76943 --- [  restartedMain] liquibase.util                           : -------------------------------
2026-09-20T16:30:05.662+03:00  INFO 76943 --- [  restartedMain] liquibase.util                           : Total change sets:           39
2026-09-20T16:30:05.662+03:00  INFO 76943 --- [  restartedMain] liquibase.util                           : Update summary generated
2026-09-20T16:30:05.663+03:00  INFO 76943 --- [  restartedMain] liquibase.command                        : Command execution complete
2026-09-20T16:30:05.783+03:00  INFO 76943 --- [  restartedMain] org.hibernate.orm.jpa                    : HHH008540: Processing PersistenceUnitInfo [name: default]
2026-09-20T16:30:05.818+03:00  INFO 76943 --- [  restartedMain] org.hibernate.orm.core                   : HHH000001: Hibernate ORM core version 7.4.1.Final
2026-09-20T16:30:06.029+03:00  INFO 76943 --- [  restartedMain] o.s.o.j.p.SpringPersistenceUnitInfo      : No LoadTimeWeaver setup: ignoring JPA class transformer
2026-09-20T16:30:06.107+03:00  INFO 76943 --- [  restartedMain] org.hibernate.orm.connections.pooling    : HHH10001005: Database info:
	Database JDBC URL [jdbc:postgresql://localhost:5434/burmistrov]
	Database driver: PostgreSQL JDBC Driver
	Database dialect: PostgreSQLDialect
	Database version: 18.6
	Default catalog/schema: burmistrov/public
	Autocommit mode: undefined/unknown
	Isolation level: READ_COMMITTED [default READ_COMMITTED]
	JDBC fetch size: none
	Pool: DataSourceConnectionProvider
	Minimum pool size: undefined/unknown
	Maximum pool size: undefined/unknown
2026-09-20T16:30:06.702+03:00  INFO 76943 --- [  restartedMain] org.hibernate.orm.core                   : HHH000489: No JTA platform available (set 'hibernate.transaction.jta.platform' to enable JTA platform integration)
2026-09-20T16:30:06.756+03:00  INFO 76943 --- [  restartedMain] j.LocalContainerEntityManagerFactoryBean : Initialized JPA EntityManagerFactory for persistence unit 'default'
2026-09-20T16:30:06.811+03:00  INFO 76943 --- [  restartedMain] o.s.d.j.r.query.QueryEnhancerFactories   : Hibernate is in classpath; If applicable, HQL parser will be used.
2026-09-20T16:30:07.691+03:00  WARN 76943 --- [  restartedMain] JpaBaseConfiguration$JpaWebConfiguration : spring.jpa.open-in-view is enabled by default. Therefore, database queries may be performed during view rendering. Explicitly configure spring.jpa.open-in-view to disable this warning
2026-09-20T16:30:07.718+03:00  INFO 76943 --- [  restartedMain] r$InitializeUserDetailsManagerConfigurer : Global AuthenticationManager configured with UserDetailsService bean with name customUserDetailsService
2026-09-20T16:30:08.102+03:00  INFO 76943 --- [  restartedMain] o.s.boot.tomcat.TomcatWebServer          : Tomcat started on port 8080 (http) with context path '/'
2026-09-20T16:30:08.105+03:00  INFO 76943 --- [  restartedMain] app.burmistrov.BurmistrovApplication     : Started BurmistrovApplication in 5.862 seconds (process running for 6.08)
2026-09-20T16:30:12.542+03:00  INFO 76943 --- [nio-8080-exec-1] o.a.c.c.C.[Tomcat].[localhost].[/]       : Initializing Spring DispatcherServlet 'dispatcherServlet'
2026-09-20T16:30:12.542+03:00  INFO 76943 --- [nio-8080-exec-1] o.s.web.servlet.DispatcherServlet        : Initializing Servlet 'dispatcherServlet'
2026-09-20T16:30:12.543+03:00  INFO 76943 --- [nio-8080-exec-1] o.s.web.servlet.DispatcherServlet        : Completed initialization in 1 ms
