
> burmistrov-ui@0.0.0 dev
> vite --host


  VITE v8.2.1  ready in 245 ms

  ➜  Local:   http://localhost:5173/
  ➜  Network: http://192.168.31.128:5173/  en0
  ➜  Network: http://198.18.0.1:5173/      utun18
4:30:01 PM [vite] http proxy error: /api/users/me
AggregateError [ECONNREFUSED]: 
    at internalConnectMultiple (node:net:1134:18)
    at afterConnectMultiple (node:net:1715:7)
4:30:01 PM [vite] http proxy error: /api/site/patents
AggregateError [ECONNREFUSED]: 
    at internalConnectMultiple (node:net:1134:18)
    at afterConnectMultiple (node:net:1715:7)
4:30:01 PM [vite] http proxy error: /api/site/publications
AggregateError [ECONNREFUSED]: 
    at internalConnectMultiple (node:net:1134:18)
    at afterConnectMultiple (node:net:1715:7)
4:30:02 PM [vite] http proxy error: /api/site/patents
AggregateError [ECONNREFUSED]: 
    at internalConnectMultiple (node:net:1134:18)
    at afterConnectMultiple (node:net:1715:7)
4:30:02 PM [vite] http proxy error: /api/site/publications
AggregateError [ECONNREFUSED]: 
    at internalConnectMultiple (node:net:1134:18)
    at afterConnectMultiple (node:net:1715:7)
4:30:02 PM [vite] http proxy error: /api/users/me
AggregateError [ECONNREFUSED]: 
    at internalConnectMultiple (node:net:1134:18)
    at afterConnectMultiple (node:net:1715:7)
4:30:06 PM [vite] http proxy error: /api/site/patents
AggregateError [ECONNREFUSED]: 
    at internalConnectMultiple (node:net:1134:18)
    at afterConnectMultiple (node:net:1715:7)
4:30:06 PM [vite] http proxy error: /api/site/publications
AggregateError [ECONNREFUSED]: 
    at internalConnectMultiple (node:net:1134:18)
    at afterConnectMultiple (node:net:1715:7)
4:30:06 PM [vite] http proxy error: /api/users/me
AggregateError [ECONNREFUSED]: 
    at internalConnectMultiple (node:net:1134:18)
    at afterConnectMultiple (node:net:1715:7)
4:30:07 PM [vite] http proxy error: /api/site/patents
AggregateError [ECONNREFUSED]: 
    at internalConnectMultiple (node:net:1134:18)
    at afterConnectMultiple (node:net:1715:7)
4:30:07 PM [vite] http proxy error: /api/users/me
AggregateError [ECONNREFUSED]: 
    at internalConnectMultiple (node:net:1134:18)
    at afterConnectMultiple (node:net:1715:7)
4:30:07 PM [vite] http proxy error: /api/site/publications
AggregateError [ECONNREFUSED]: 
    at internalConnectMultiple (node:net:1134:18)
    at afterConnectMultiple (node:net:1715:7)
4:37:58 PM [vite] (client) hmr update /src/index.css, /src/components/Combobox.tsx
4:43:17 PM [vite] (client) hmr update /src/index.css, /src/components/Combobox.tsx
4:43:17 PM [vite] Internal server error: Failed to resolve import "../hooks/screen" from "src/components/Combobox.tsx". Does the file exist?
  Plugin: vite:import-analysis
  File: /Users/leonid/UIprojects/burmistrov-ui/src/components/Combobox.tsx:3:29
  1  |  import { useEffect, useId, useLayoutEffect, useMemo, useRef, useState } from "react";
  2  |  import { createPortal } from "react-dom";
  3  |  import { isWideScreen } from "../hooks/screen";
     |                                ^
  4  |  var _jsxFileName = "/Users/leonid/UIprojects/burmistrov-ui/src/components/Combobox.tsx";
  5  |  import { jsxDEV as _jsxDEV } from "react/jsx-dev-runtime";
      at TransformPluginContext._formatLog (file:///Users/leonid/UIprojects/burmistrov-ui/node_modules/vite/dist/node/chunks/node.js:31066:39)
      at TransformPluginContext.error (file:///Users/leonid/UIprojects/burmistrov-ui/node_modules/vite/dist/node/chunks/node.js:31063:14)
      at normalizeUrl (file:///Users/leonid/UIprojects/burmistrov-ui/node_modules/vite/dist/node/chunks/node.js:28008:18)
      at async file:///Users/leonid/UIprojects/burmistrov-ui/node_modules/vite/dist/node/chunks/node.js:28076:30
      at async Promise.all (index 2)
      at async TransformPluginContext.transform (file:///Users/leonid/UIprojects/burmistrov-ui/node_modules/vite/dist/node/chunks/node.js:28044:4)
      at async EnvironmentPluginContainer.transform (file:///Users/leonid/UIprojects/burmistrov-ui/node_modules/vite/dist/node/chunks/node.js:30851:14)
      at async loadAndTransform (file:///Users/leonid/UIprojects/burmistrov-ui/node_modules/vite/dist/node/chunks/node.js:20619:26)
      at async viteTransformMiddleware (file:///Users/leonid/UIprojects/burmistrov-ui/node_modules/vite/dist/node/chunks/node.js:25142:20)
4:43:17 PM [vite] (client) Pre-transform error: Failed to resolve import "../hooks/screen" from "src/components/Combobox.tsx". Does the file exist?
  Plugin: vite:import-analysis
  File: /Users/leonid/UIprojects/burmistrov-ui/src/components/Combobox.tsx:3:29
  1  |  import { useEffect, useId, useLayoutEffect, useMemo, useRef, useState } from "react";
  2  |  import { createPortal } from "react-dom";
  3  |  import { isWideScreen } from "../hooks/screen";
     |                                ^
  4  |  var _jsxFileName = "/Users/leonid/UIprojects/burmistrov-ui/src/components/Combobox.tsx";
  5  |  import { jsxDEV as _jsxDEV } from "react/jsx-dev-runtime";
4:43:17 PM [vite] (client) Pre-transform error: Failed to resolve import "../hooks/screen" from "src/components/Combobox.tsx". Does the file exist?
  Plugin: vite:import-analysis
  File: /Users/leonid/UIprojects/burmistrov-ui/src/components/Combobox.tsx:3:29
  1  |  import { useEffect, useId, useLayoutEffect, useMemo, useRef, useState } from "react";
  2  |  import { createPortal } from "react-dom";
  3  |  import { isWideScreen } from "../hooks/screen";
     |                                ^
  4  |  var _jsxFileName = "/Users/leonid/UIprojects/burmistrov-ui/src/components/Combobox.tsx";
  5  |  import { jsxDEV as _jsxDEV } from "react/jsx-dev-runtime";
4:43:17 PM [vite] (client) hmr update /src/index.css, /src/components/PreviewList.tsx
4:43:17 PM [vite] (client) Pre-transform error: Failed to resolve import "../hooks/screen" from "src/components/Combobox.tsx". Does the file exist?
  Plugin: vite:import-analysis
  File: /Users/leonid/UIprojects/burmistrov-ui/src/components/Combobox.tsx:3:29
  1  |  import { useEffect, useId, useLayoutEffect, useMemo, useRef, useState } from "react";
  2  |  import { createPortal } from "react-dom";
  3  |  import { isWideScreen } from "../hooks/screen";
     |                                ^
  4  |  var _jsxFileName = "/Users/leonid/UIprojects/burmistrov-ui/src/components/Combobox.tsx";
  5  |  import { jsxDEV as _jsxDEV } from "react/jsx-dev-runtime";
4:43:17 PM [vite] Internal server error: Failed to resolve import "../hooks/screen" from "src/components/PreviewList.tsx". Does the file exist?
  Plugin: vite:import-analysis
  File: /Users/leonid/UIprojects/burmistrov-ui/src/components/PreviewList.tsx:2:29
  1  |  import { useMemo, useState } from "react";
  2  |  import { isWideScreen } from "../hooks/screen";
     |                                ^
  3  |  import { DetailModal } from "./DetailModal";
  4  |  var _jsxFileName = "/Users/leonid/UIprojects/burmistrov-ui/src/components/PreviewList.tsx";
      at TransformPluginContext._formatLog (file:///Users/leonid/UIprojects/burmistrov-ui/node_modules/vite/dist/node/chunks/node.js:31066:39)
      at TransformPluginContext.error (file:///Users/leonid/UIprojects/burmistrov-ui/node_modules/vite/dist/node/chunks/node.js:31063:14)
      at normalizeUrl (file:///Users/leonid/UIprojects/burmistrov-ui/node_modules/vite/dist/node/chunks/node.js:28008:18)
      at async file:///Users/leonid/UIprojects/burmistrov-ui/node_modules/vite/dist/node/chunks/node.js:28076:30
      at async Promise.all (index 1)
      at async TransformPluginContext.transform (file:///Users/leonid/UIprojects/burmistrov-ui/node_modules/vite/dist/node/chunks/node.js:28044:4)
      at async EnvironmentPluginContainer.transform (file:///Users/leonid/UIprojects/burmistrov-ui/node_modules/vite/dist/node/chunks/node.js:30851:14)
      at async loadAndTransform (file:///Users/leonid/UIprojects/burmistrov-ui/node_modules/vite/dist/node/chunks/node.js:20619:26)
      at async viteTransformMiddleware (file:///Users/leonid/UIprojects/burmistrov-ui/node_modules/vite/dist/node/chunks/node.js:25142:20)
4:43:17 PM [vite] (client) Pre-transform error: Failed to resolve import "../hooks/screen" from "src/components/Combobox.tsx". Does the file exist?
  Plugin: vite:import-analysis
  File: /Users/leonid/UIprojects/burmistrov-ui/src/components/Combobox.tsx:3:29
  1  |  import { useEffect, useId, useLayoutEffect, useMemo, useRef, useState } from "react";
  2  |  import { createPortal } from "react-dom";
  3  |  import { isWideScreen } from "../hooks/screen";
     |                                ^
  4  |  var _jsxFileName = "/Users/leonid/UIprojects/burmistrov-ui/src/components/Combobox.tsx";
  5  |  import { jsxDEV as _jsxDEV } from "react/jsx-dev-runtime";
4:43:17 PM [vite] (client) Pre-transform error: Failed to resolve import "../hooks/screen" from "src/components/PreviewList.tsx". Does the file exist?
  Plugin: vite:import-analysis
  File: /Users/leonid/UIprojects/burmistrov-ui/src/components/PreviewList.tsx:2:29
  1  |  import { useMemo, useState } from "react";
  2  |  import { isWideScreen } from "../hooks/screen";
     |                                ^
  3  |  import { DetailModal } from "./DetailModal";
  4  |  var _jsxFileName = "/Users/leonid/UIprojects/burmistrov-ui/src/components/PreviewList.tsx";
4:43:17 PM [vite] (client) Pre-transform error: Failed to resolve import "../hooks/screen" from "src/components/Combobox.tsx". Does the file exist?
  Plugin: vite:import-analysis
  File: /Users/leonid/UIprojects/burmistrov-ui/src/components/Combobox.tsx:3:29
  1  |  import { useEffect, useId, useLayoutEffect, useMemo, useRef, useState } from "react";
  2  |  import { createPortal } from "react-dom";
  3  |  import { isWideScreen } from "../hooks/screen";
     |                                ^
  4  |  var _jsxFileName = "/Users/leonid/UIprojects/burmistrov-ui/src/components/Combobox.tsx";
  5  |  import { jsxDEV as _jsxDEV } from "react/jsx-dev-runtime";
4:43:17 PM [vite] (client) Pre-transform error: Failed to resolve import "../hooks/screen" from "src/components/Combobox.tsx". Does the file exist?
  Plugin: vite:import-analysis
  File: /Users/leonid/UIprojects/burmistrov-ui/src/components/Combobox.tsx:3:29
  1  |  import { useEffect, useId, useLayoutEffect, useMemo, useRef, useState } from "react";
  2  |  import { createPortal } from "react-dom";
  3  |  import { isWideScreen } from "../hooks/screen";
     |                                ^
  4  |  var _jsxFileName = "/Users/leonid/UIprojects/burmistrov-ui/src/components/Combobox.tsx";
  5  |  import { jsxDEV as _jsxDEV } from "react/jsx-dev-runtime";
4:43:17 PM [vite] (client) Pre-transform error: Failed to resolve import "../hooks/screen" from "src/components/PreviewList.tsx". Does the file exist?
  Plugin: vite:import-analysis
  File: /Users/leonid/UIprojects/burmistrov-ui/src/components/PreviewList.tsx:2:29
  1  |  import { useMemo, useState } from "react";
  2  |  import { isWideScreen } from "../hooks/screen";
     |                                ^
  3  |  import { DetailModal } from "./DetailModal";
  4  |  var _jsxFileName = "/Users/leonid/UIprojects/burmistrov-ui/src/components/PreviewList.tsx";
4:43:17 PM [vite] (client) Pre-transform error: Failed to resolve import "../hooks/screen" from "src/components/PreviewList.tsx". Does the file exist?
  Plugin: vite:import-analysis
  File: /Users/leonid/UIprojects/burmistrov-ui/src/components/PreviewList.tsx:2:29
  1  |  import { useMemo, useState } from "react";
  2  |  import { isWideScreen } from "../hooks/screen";
     |                                ^
  3  |  import { DetailModal } from "./DetailModal";
  4  |  var _jsxFileName = "/Users/leonid/UIprojects/burmistrov-ui/src/components/PreviewList.tsx";
4:43:17 PM [vite] (client) Pre-transform error: Failed to resolve import "../hooks/screen" from "src/components/Combobox.tsx". Does the file exist?
  Plugin: vite:import-analysis
  File: /Users/leonid/UIprojects/burmistrov-ui/src/components/Combobox.tsx:3:29
  1  |  import { useEffect, useId, useLayoutEffect, useMemo, useRef, useState } from "react";
  2  |  import { createPortal } from "react-dom";
  3  |  import { isWideScreen } from "../hooks/screen";
     |                                ^
  4  |  var _jsxFileName = "/Users/leonid/UIprojects/burmistrov-ui/src/components/Combobox.tsx";
  5  |  import { jsxDEV as _jsxDEV } from "react/jsx-dev-runtime";
4:43:17 PM [vite] (client) Pre-transform error: Failed to resolve import "../hooks/screen" from "src/components/PreviewList.tsx". Does the file exist?
  Plugin: vite:import-analysis
  File: /Users/leonid/UIprojects/burmistrov-ui/src/components/PreviewList.tsx:2:29
  1  |  import { useMemo, useState } from "react";
  2  |  import { isWideScreen } from "../hooks/screen";
     |                                ^
  3  |  import { DetailModal } from "./DetailModal";
  4  |  var _jsxFileName = "/Users/leonid/UIprojects/burmistrov-ui/src/components/PreviewList.tsx";
4:43:17 PM [vite] (client) Pre-transform error: Failed to resolve import "../hooks/screen" from "src/components/Combobox.tsx". Does the file exist?
  Plugin: vite:import-analysis
  File: /Users/leonid/UIprojects/burmistrov-ui/src/components/Combobox.tsx:3:29
  1  |  import { useEffect, useId, useLayoutEffect, useMemo, useRef, useState } from "react";
  2  |  import { createPortal } from "react-dom";
  3  |  import { isWideScreen } from "../hooks/screen";
     |                                ^
  4  |  var _jsxFileName = "/Users/leonid/UIprojects/burmistrov-ui/src/components/Combobox.tsx";
  5  |  import { jsxDEV as _jsxDEV } from "react/jsx-dev-runtime";
4:43:17 PM [vite] (client) Pre-transform error: Failed to resolve import "../hooks/screen" from "src/components/Combobox.tsx". Does the file exist?
  Plugin: vite:import-analysis
  File: /Users/leonid/UIprojects/burmistrov-ui/src/components/Combobox.tsx:3:29
  1  |  import { useEffect, useId, useLayoutEffect, useMemo, useRef, useState } from "react";
  2  |  import { createPortal } from "react-dom";
  3  |  import { isWideScreen } from "../hooks/screen";
     |                                ^
  4  |  var _jsxFileName = "/Users/leonid/UIprojects/burmistrov-ui/src/components/Combobox.tsx";
  5  |  import { jsxDEV as _jsxDEV } from "react/jsx-dev-runtime";
4:43:17 PM [vite] (client) Pre-transform error: Failed to resolve import "../hooks/screen" from "src/components/PreviewList.tsx". Does the file exist?
  Plugin: vite:import-analysis
  File: /Users/leonid/UIprojects/burmistrov-ui/src/components/PreviewList.tsx:2:29
  1  |  import { useMemo, useState } from "react";
  2  |  import { isWideScreen } from "../hooks/screen";
     |                                ^
  3  |  import { DetailModal } from "./DetailModal";
  4  |  var _jsxFileName = "/Users/leonid/UIprojects/burmistrov-ui/src/components/PreviewList.tsx";
4:43:17 PM [vite] (client) Pre-transform error: Failed to resolve import "../hooks/screen" from "src/components/Combobox.tsx". Does the file exist?
  Plugin: vite:import-analysis
  File: /Users/leonid/UIprojects/burmistrov-ui/src/components/Combobox.tsx:3:29
  1  |  import { useEffect, useId, useLayoutEffect, useMemo, useRef, useState } from "react";
  2  |  import { createPortal } from "react-dom";
  3  |  import { isWideScreen } from "../hooks/screen";
     |                                ^
  4  |  var _jsxFileName = "/Users/leonid/UIprojects/burmistrov-ui/src/components/Combobox.tsx";
  5  |  import { jsxDEV as _jsxDEV } from "react/jsx-dev-runtime";
4:43:17 PM [vite] (client) Pre-transform error: Failed to resolve import "../hooks/screen" from "src/components/PreviewList.tsx". Does the file exist?
  Plugin: vite:import-analysis
  File: /Users/leonid/UIprojects/burmistrov-ui/src/components/PreviewList.tsx:2:29
  1  |  import { useMemo, useState } from "react";
  2  |  import { isWideScreen } from "../hooks/screen";
     |                                ^
  3  |  import { DetailModal } from "./DetailModal";
  4  |  var _jsxFileName = "/Users/leonid/UIprojects/burmistrov-ui/src/components/PreviewList.tsx";
4:43:17 PM [vite] (client) Pre-transform error: Failed to resolve import "../hooks/screen" from "src/components/Combobox.tsx". Does the file exist?
  Plugin: vite:import-analysis
  File: /Users/leonid/UIprojects/burmistrov-ui/src/components/Combobox.tsx:3:29
  1  |  import { useEffect, useId, useLayoutEffect, useMemo, useRef, useState } from "react";
  2  |  import { createPortal } from "react-dom";
  3  |  import { isWideScreen } from "../hooks/screen";
     |                                ^
  4  |  var _jsxFileName = "/Users/leonid/UIprojects/burmistrov-ui/src/components/Combobox.tsx";
  5  |  import { jsxDEV as _jsxDEV } from "react/jsx-dev-runtime";
4:43:17 PM [vite] (client) Pre-transform error: Failed to resolve import "../hooks/screen" from "src/components/PreviewList.tsx". Does the file exist?
  Plugin: vite:import-analysis
  File: /Users/leonid/UIprojects/burmistrov-ui/src/components/PreviewList.tsx:2:29
  1  |  import { useMemo, useState } from "react";
  2  |  import { isWideScreen } from "../hooks/screen";
     |                                ^
  3  |  import { DetailModal } from "./DetailModal";
  4  |  var _jsxFileName = "/Users/leonid/UIprojects/burmistrov-ui/src/components/PreviewList.tsx";
4:43:17 PM [vite] (client) Pre-transform error: Failed to resolve import "../hooks/screen" from "src/components/PreviewList.tsx". Does the file exist?
  Plugin: vite:import-analysis
  File: /Users/leonid/UIprojects/burmistrov-ui/src/components/PreviewList.tsx:2:29
  1  |  import { useMemo, useState } from "react";
  2  |  import { isWideScreen } from "../hooks/screen";
     |                                ^
  3  |  import { DetailModal } from "./DetailModal";
  4  |  var _jsxFileName = "/Users/leonid/UIprojects/burmistrov-ui/src/components/PreviewList.tsx";
4:43:17 PM [vite] (client) Pre-transform error: Failed to resolve import "../hooks/screen" from "src/components/Combobox.tsx". Does the file exist?
  Plugin: vite:import-analysis
  File: /Users/leonid/UIprojects/burmistrov-ui/src/components/Combobox.tsx:3:29
  1  |  import { useEffect, useId, useLayoutEffect, useMemo, useRef, useState } from "react";
  2  |  import { createPortal } from "react-dom";
  3  |  import { isWideScreen } from "../hooks/screen";
     |                                ^
  4  |  var _jsxFileName = "/Users/leonid/UIprojects/burmistrov-ui/src/components/Combobox.tsx";
  5  |  import { jsxDEV as _jsxDEV } from "react/jsx-dev-runtime";
4:43:17 PM [vite] (client) Pre-transform error: Failed to resolve import "../hooks/screen" from "src/components/Combobox.tsx". Does the file exist?
  Plugin: vite:import-analysis
  File: /Users/leonid/UIprojects/burmistrov-ui/src/components/Combobox.tsx:3:29
  1  |  import { useEffect, useId, useLayoutEffect, useMemo, useRef, useState } from "react";
  2  |  import { createPortal } from "react-dom";
  3  |  import { isWideScreen } from "../hooks/screen";
     |                                ^
  4  |  var _jsxFileName = "/Users/leonid/UIprojects/burmistrov-ui/src/components/Combobox.tsx";
  5  |  import { jsxDEV as _jsxDEV } from "react/jsx-dev-runtime";
4:43:17 PM [vite] (client) Pre-transform error: Failed to resolve import "../hooks/screen" from "src/components/PreviewList.tsx". Does the file exist?
  Plugin: vite:import-analysis
  File: /Users/leonid/UIprojects/burmistrov-ui/src/components/PreviewList.tsx:2:29
  1  |  import { useMemo, useState } from "react";
  2  |  import { isWideScreen } from "../hooks/screen";
     |                                ^
  3  |  import { DetailModal } from "./DetailModal";
  4  |  var _jsxFileName = "/Users/leonid/UIprojects/burmistrov-ui/src/components/PreviewList.tsx";
4:43:17 PM [vite] (client) Pre-transform error: Failed to resolve import "../hooks/screen" from "src/components/PreviewList.tsx". Does the file exist?
  Plugin: vite:import-analysis
  File: /Users/leonid/UIprojects/burmistrov-ui/src/components/PreviewList.tsx:2:29
  1  |  import { useMemo, useState } from "react";
  2  |  import { isWideScreen } from "../hooks/screen";
     |                                ^
  3  |  import { DetailModal } from "./DetailModal";
  4  |  var _jsxFileName = "/Users/leonid/UIprojects/burmistrov-ui/src/components/PreviewList.tsx";
4:43:17 PM [vite] (client) Pre-transform error: Failed to resolve import "../hooks/screen" from "src/components/Combobox.tsx". Does the file exist?
  Plugin: vite:import-analysis
  File: /Users/leonid/UIprojects/burmistrov-ui/src/components/Combobox.tsx:3:29
  1  |  import { useEffect, useId, useLayoutEffect, useMemo, useRef, useState } from "react";
  2  |  import { createPortal } from "react-dom";
  3  |  import { isWideScreen } from "../hooks/screen";
     |                                ^
  4  |  var _jsxFileName = "/Users/leonid/UIprojects/burmistrov-ui/src/components/Combobox.tsx";
  5  |  import { jsxDEV as _jsxDEV } from "react/jsx-dev-runtime";
4:43:17 PM [vite] (client) Pre-transform error: Failed to resolve import "../hooks/screen" from "src/components/PreviewList.tsx". Does the file exist?
  Plugin: vite:import-analysis
  File: /Users/leonid/UIprojects/burmistrov-ui/src/components/PreviewList.tsx:2:29
  1  |  import { useMemo, useState } from "react";
  2  |  import { isWideScreen } from "../hooks/screen";
     |                                ^
  3  |  import { DetailModal } from "./DetailModal";
  4  |  var _jsxFileName = "/Users/leonid/UIprojects/burmistrov-ui/src/components/PreviewList.tsx";
4:43:17 PM [vite] (client) Pre-transform error: Failed to resolve import "../hooks/screen" from "src/components/Combobox.tsx". Does the file exist?
  Plugin: vite:import-analysis
  File: /Users/leonid/UIprojects/burmistrov-ui/src/components/Combobox.tsx:3:29
  1  |  import { useEffect, useId, useLayoutEffect, useMemo, useRef, useState } from "react";
  2  |  import { createPortal } from "react-dom";
  3  |  import { isWideScreen } from "../hooks/screen";
     |                                ^
  4  |  var _jsxFileName = "/Users/leonid/UIprojects/burmistrov-ui/src/components/Combobox.tsx";
  5  |  import { jsxDEV as _jsxDEV } from "react/jsx-dev-runtime";
4:43:17 PM [vite] (client) Pre-transform error: Failed to resolve import "../hooks/screen" from "src/components/Combobox.tsx". Does the file exist?
  Plugin: vite:import-analysis
  File: /Users/leonid/UIprojects/burmistrov-ui/src/components/Combobox.tsx:3:29
  1  |  import { useEffect, useId, useLayoutEffect, useMemo, useRef, useState } from "react";
  2  |  import { createPortal } from "react-dom";
  3  |  import { isWideScreen } from "../hooks/screen";
     |                                ^
  4  |  var _jsxFileName = "/Users/leonid/UIprojects/burmistrov-ui/src/components/Combobox.tsx";
  5  |  import { jsxDEV as _jsxDEV } from "react/jsx-dev-runtime";
4:43:17 PM [vite] (client) Pre-transform error: Failed to resolve import "../hooks/screen" from "src/components/PreviewList.tsx". Does the file exist?
  Plugin: vite:import-analysis
  File: /Users/leonid/UIprojects/burmistrov-ui/src/components/PreviewList.tsx:2:29
  1  |  import { useMemo, useState } from "react";
  2  |  import { isWideScreen } from "../hooks/screen";
     |                                ^
  3  |  import { DetailModal } from "./DetailModal";
  4  |  var _jsxFileName = "/Users/leonid/UIprojects/burmistrov-ui/src/components/PreviewList.tsx";
4:43:17 PM [vite] (client) Pre-transform error: Failed to resolve import "../hooks/screen" from "src/components/PreviewList.tsx". Does the file exist?
  Plugin: vite:import-analysis
  File: /Users/leonid/UIprojects/burmistrov-ui/src/components/PreviewList.tsx:2:29
  1  |  import { useMemo, useState } from "react";
  2  |  import { isWideScreen } from "../hooks/screen";
     |                                ^
  3  |  import { DetailModal } from "./DetailModal";
  4  |  var _jsxFileName = "/Users/leonid/UIprojects/burmistrov-ui/src/components/PreviewList.tsx";
4:43:17 PM [vite] (client) Pre-transform error: Failed to resolve import "../hooks/screen" from "src/components/PreviewList.tsx". Does the file exist?
  Plugin: vite:import-analysis
  File: /Users/leonid/UIprojects/burmistrov-ui/src/components/PreviewList.tsx:2:29
  1  |  import { useMemo, useState } from "react";
  2  |  import { isWideScreen } from "../hooks/screen";
     |                                ^
  3  |  import { DetailModal } from "./DetailModal";
  4  |  var _jsxFileName = "/Users/leonid/UIprojects/burmistrov-ui/src/components/PreviewList.tsx";
4:43:17 PM [vite] (client) Pre-transform error: Failed to resolve import "../hooks/screen" from "src/components/PreviewList.tsx". Does the file exist?
  Plugin: vite:import-analysis
  File: /Users/leonid/UIprojects/burmistrov-ui/src/components/PreviewList.tsx:2:29
  1  |  import { useMemo, useState } from "react";
  2  |  import { isWideScreen } from "../hooks/screen";
     |                                ^
  3  |  import { DetailModal } from "./DetailModal";
  4  |  var _jsxFileName = "/Users/leonid/UIprojects/burmistrov-ui/src/components/PreviewList.tsx";
4:43:17 PM [vite] (client) Pre-transform error: Failed to resolve import "../hooks/screen" from "src/components/PreviewList.tsx". Does the file exist?
  Plugin: vite:import-analysis
  File: /Users/leonid/UIprojects/burmistrov-ui/src/components/PreviewList.tsx:2:29
  1  |  import { useMemo, useState } from "react";
  2  |  import { isWideScreen } from "../hooks/screen";
     |                                ^
  3  |  import { DetailModal } from "./DetailModal";
  4  |  var _jsxFileName = "/Users/leonid/UIprojects/burmistrov-ui/src/components/PreviewList.tsx";
4:43:17 PM [vite] (client) Pre-transform error: Failed to resolve import "../hooks/screen" from "src/components/PreviewList.tsx". Does the file exist?
  Plugin: vite:import-analysis
  File: /Users/leonid/UIprojects/burmistrov-ui/src/components/PreviewList.tsx:2:29
  1  |  import { useMemo, useState } from "react";
  2  |  import { isWideScreen } from "../hooks/screen";
     |                                ^
  3  |  import { DetailModal } from "./DetailModal";
  4  |  var _jsxFileName = "/Users/leonid/UIprojects/burmistrov-ui/src/components/PreviewList.tsx";
4:43:17 PM [vite] (client) Pre-transform error: Failed to resolve import "../hooks/screen" from "src/components/PreviewList.tsx". Does the file exist?
  Plugin: vite:import-analysis
  File: /Users/leonid/UIprojects/burmistrov-ui/src/components/PreviewList.tsx:2:29
  1  |  import { useMemo, useState } from "react";
  2  |  import { isWideScreen } from "../hooks/screen";
     |                                ^
  3  |  import { DetailModal } from "./DetailModal";
  4  |  var _jsxFileName = "/Users/leonid/UIprojects/burmistrov-ui/src/components/PreviewList.tsx";
4:43:17 PM [vite] (client) Pre-transform error: Failed to resolve import "../hooks/screen" from "src/components/PreviewList.tsx". Does the file exist?
  Plugin: vite:import-analysis
  File: /Users/leonid/UIprojects/burmistrov-ui/src/components/PreviewList.tsx:2:29
  1  |  import { useMemo, useState } from "react";
  2  |  import { isWideScreen } from "../hooks/screen";
     |                                ^
  3  |  import { DetailModal } from "./DetailModal";
  4  |  var _jsxFileName = "/Users/leonid/UIprojects/burmistrov-ui/src/components/PreviewList.tsx";
4:43:17 PM [vite] (client) Pre-transform error: Failed to resolve import "../hooks/screen" from "src/components/PreviewList.tsx". Does the file exist?
  Plugin: vite:import-analysis
  File: /Users/leonid/UIprojects/burmistrov-ui/src/components/PreviewList.tsx:2:29
  1  |  import { useMemo, useState } from "react";
  2  |  import { isWideScreen } from "../hooks/screen";
     |                                ^
  3  |  import { DetailModal } from "./DetailModal";
  4  |  var _jsxFileName = "/Users/leonid/UIprojects/burmistrov-ui/src/components/PreviewList.tsx";
4:43:17 PM [vite] (client) Pre-transform error: Failed to resolve import "../hooks/screen" from "src/components/PreviewList.tsx". Does the file exist?
  Plugin: vite:import-analysis
  File: /Users/leonid/UIprojects/burmistrov-ui/src/components/PreviewList.tsx:2:29
  1  |  import { useMemo, useState } from "react";
  2  |  import { isWideScreen } from "../hooks/screen";
     |                                ^
  3  |  import { DetailModal } from "./DetailModal";
  4  |  var _jsxFileName = "/Users/leonid/UIprojects/burmistrov-ui/src/components/PreviewList.tsx";
4:43:17 PM [vite] (client) Pre-transform error: Failed to resolve import "../hooks/screen" from "src/components/PreviewList.tsx". Does the file exist?
  Plugin: vite:import-analysis
  File: /Users/leonid/UIprojects/burmistrov-ui/src/components/PreviewList.tsx:2:29
  1  |  import { useMemo, useState } from "react";
  2  |  import { isWideScreen } from "../hooks/screen";
     |                                ^
  3  |  import { DetailModal } from "./DetailModal";
  4  |  var _jsxFileName = "/Users/leonid/UIprojects/burmistrov-ui/src/components/PreviewList.tsx";
4:43:17 PM [vite] (client) Pre-transform error: Failed to resolve import "../hooks/screen" from "src/components/PreviewList.tsx". Does the file exist?
  Plugin: vite:import-analysis
  File: /Users/leonid/UIprojects/burmistrov-ui/src/components/PreviewList.tsx:2:29
  1  |  import { useMemo, useState } from "react";
  2  |  import { isWideScreen } from "../hooks/screen";
     |                                ^
  3  |  import { DetailModal } from "./DetailModal";
  4  |  var _jsxFileName = "/Users/leonid/UIprojects/burmistrov-ui/src/components/PreviewList.tsx";
4:43:17 PM [vite] (client) Pre-transform error: Failed to resolve import "../hooks/screen" from "src/components/PreviewList.tsx". Does the file exist?
  Plugin: vite:import-analysis
  File: /Users/leonid/UIprojects/burmistrov-ui/src/components/PreviewList.tsx:2:29
  1  |  import { useMemo, useState } from "react";
  2  |  import { isWideScreen } from "../hooks/screen";
     |                                ^
  3  |  import { DetailModal } from "./DetailModal";
  4  |  var _jsxFileName = "/Users/leonid/UIprojects/burmistrov-ui/src/components/PreviewList.tsx";
4:43:17 PM [vite] (client) Pre-transform error: Failed to resolve import "../hooks/screen" from "src/components/PreviewList.tsx". Does the file exist?
  Plugin: vite:import-analysis
  File: /Users/leonid/UIprojects/burmistrov-ui/src/components/PreviewList.tsx:2:29
  1  |  import { useMemo, useState } from "react";
  2  |  import { isWideScreen } from "../hooks/screen";
     |                                ^
  3  |  import { DetailModal } from "./DetailModal";
  4  |  var _jsxFileName = "/Users/leonid/UIprojects/burmistrov-ui/src/components/PreviewList.tsx";
4:43:17 PM [vite] (client) Pre-transform error: Failed to resolve import "../hooks/screen" from "src/components/PreviewList.tsx". Does the file exist?
  Plugin: vite:import-analysis
  File: /Users/leonid/UIprojects/burmistrov-ui/src/components/PreviewList.tsx:2:29
  1  |  import { useMemo, useState } from "react";
  2  |  import { isWideScreen } from "../hooks/screen";
     |                                ^
  3  |  import { DetailModal } from "./DetailModal";
  4  |  var _jsxFileName = "/Users/leonid/UIprojects/burmistrov-ui/src/components/PreviewList.tsx";
4:43:17 PM [vite] (client) Pre-transform error: Failed to resolve import "../hooks/screen" from "src/components/PreviewList.tsx". Does the file exist?
  Plugin: vite:import-analysis
  File: /Users/leonid/UIprojects/burmistrov-ui/src/components/PreviewList.tsx:2:29
  1  |  import { useMemo, useState } from "react";
  2  |  import { isWideScreen } from "../hooks/screen";
     |                                ^
  3  |  import { DetailModal } from "./DetailModal";
  4  |  var _jsxFileName = "/Users/leonid/UIprojects/burmistrov-ui/src/components/PreviewList.tsx";
4:43:17 PM [vite] (client) Pre-transform error: Failed to resolve import "../hooks/screen" from "src/components/PreviewList.tsx". Does the file exist?
  Plugin: vite:import-analysis
  File: /Users/leonid/UIprojects/burmistrov-ui/src/components/PreviewList.tsx:2:29
  1  |  import { useMemo, useState } from "react";
  2  |  import { isWideScreen } from "../hooks/screen";
     |                                ^
  3  |  import { DetailModal } from "./DetailModal";
  4  |  var _jsxFileName = "/Users/leonid/UIprojects/burmistrov-ui/src/components/PreviewList.tsx";
4:43:17 PM [vite] (client) Pre-transform error: Failed to resolve import "../hooks/screen" from "src/components/PreviewList.tsx". Does the file exist?
  Plugin: vite:import-analysis
  File: /Users/leonid/UIprojects/burmistrov-ui/src/components/PreviewList.tsx:2:29
  1  |  import { useMemo, useState } from "react";
  2  |  import { isWideScreen } from "../hooks/screen";
     |                                ^
  3  |  import { DetailModal } from "./DetailModal";
  4  |  var _jsxFileName = "/Users/leonid/UIprojects/burmistrov-ui/src/components/PreviewList.tsx";
4:43:17 PM [vite] (client) Pre-transform error: Failed to resolve import "../hooks/screen" from "src/components/PreviewList.tsx". Does the file exist?
  Plugin: vite:import-analysis
  File: /Users/leonid/UIprojects/burmistrov-ui/src/components/PreviewList.tsx:2:29
  1  |  import { useMemo, useState } from "react";
  2  |  import { isWideScreen } from "../hooks/screen";
     |                                ^
  3  |  import { DetailModal } from "./DetailModal";
  4  |  var _jsxFileName = "/Users/leonid/UIprojects/burmistrov-ui/src/components/PreviewList.tsx";
4:43:17 PM [vite] (client) Pre-transform error: Failed to resolve import "../hooks/screen" from "src/components/PreviewList.tsx". Does the file exist?
  Plugin: vite:import-analysis
  File: /Users/leonid/UIprojects/burmistrov-ui/src/components/PreviewList.tsx:2:29
  1  |  import { useMemo, useState } from "react";
  2  |  import { isWideScreen } from "../hooks/screen";
     |                                ^
  3  |  import { DetailModal } from "./DetailModal";
  4  |  var _jsxFileName = "/Users/leonid/UIprojects/burmistrov-ui/src/components/PreviewList.tsx";
4:43:17 PM [vite] (client) Pre-transform error: Failed to resolve import "../hooks/screen" from "src/components/PreviewList.tsx". Does the file exist?
  Plugin: vite:import-analysis
  File: /Users/leonid/UIprojects/burmistrov-ui/src/components/PreviewList.tsx:2:29
  1  |  import { useMemo, useState } from "react";
  2  |  import { isWideScreen } from "../hooks/screen";
     |                                ^
  3  |  import { DetailModal } from "./DetailModal";
  4  |  var _jsxFileName = "/Users/leonid/UIprojects/burmistrov-ui/src/components/PreviewList.tsx";
4:43:17 PM [vite] (client) Pre-transform error: Failed to resolve import "../hooks/screen" from "src/components/PreviewList.tsx". Does the file exist?
  Plugin: vite:import-analysis
  File: /Users/leonid/UIprojects/burmistrov-ui/src/components/PreviewList.tsx:2:29
  1  |  import { useMemo, useState } from "react";
  2  |  import { isWideScreen } from "../hooks/screen";
     |                                ^
  3  |  import { DetailModal } from "./DetailModal";
  4  |  var _jsxFileName = "/Users/leonid/UIprojects/burmistrov-ui/src/components/PreviewList.tsx";
4:43:17 PM [vite] (client) Pre-transform error: Failed to resolve import "../hooks/screen" from "src/components/PreviewList.tsx". Does the file exist?
  Plugin: vite:import-analysis
  File: /Users/leonid/UIprojects/burmistrov-ui/src/components/PreviewList.tsx:2:29
  1  |  import { useMemo, useState } from "react";
  2  |  import { isWideScreen } from "../hooks/screen";
     |                                ^
  3  |  import { DetailModal } from "./DetailModal";
  4  |  var _jsxFileName = "/Users/leonid/UIprojects/burmistrov-ui/src/components/PreviewList.tsx";
4:43:17 PM [vite] (client) Pre-transform error: Failed to resolve import "../hooks/screen" from "src/components/PreviewList.tsx". Does the file exist?
  Plugin: vite:import-analysis
  File: /Users/leonid/UIprojects/burmistrov-ui/src/components/PreviewList.tsx:2:29
  1  |  import { useMemo, useState } from "react";
  2  |  import { isWideScreen } from "../hooks/screen";
     |                                ^
  3  |  import { DetailModal } from "./DetailModal";
  4  |  var _jsxFileName = "/Users/leonid/UIprojects/burmistrov-ui/src/components/PreviewList.tsx";
4:43:17 PM [vite] (client) Pre-transform error: Failed to resolve import "../hooks/screen" from "src/components/PreviewList.tsx". Does the file exist?
  Plugin: vite:import-analysis
  File: /Users/leonid/UIprojects/burmistrov-ui/src/components/PreviewList.tsx:2:29
  1  |  import { useMemo, useState } from "react";
  2  |  import { isWideScreen } from "../hooks/screen";
     |                                ^
  3  |  import { DetailModal } from "./DetailModal";
  4  |  var _jsxFileName = "/Users/leonid/UIprojects/burmistrov-ui/src/components/PreviewList.tsx";
4:43:17 PM [vite] (client) Pre-transform error: Failed to resolve import "../hooks/screen" from "src/components/PreviewList.tsx". Does the file exist?
  Plugin: vite:import-analysis
  File: /Users/leonid/UIprojects/burmistrov-ui/src/components/PreviewList.tsx:2:29
  1  |  import { useMemo, useState } from "react";
  2  |  import { isWideScreen } from "../hooks/screen";
     |                                ^
  3  |  import { DetailModal } from "./DetailModal";
  4  |  var _jsxFileName = "/Users/leonid/UIprojects/burmistrov-ui/src/components/PreviewList.tsx";
4:43:17 PM [vite] (client) Pre-transform error: Failed to resolve import "../hooks/screen" from "src/components/PreviewList.tsx". Does the file exist?
  Plugin: vite:import-analysis
  File: /Users/leonid/UIprojects/burmistrov-ui/src/components/PreviewList.tsx:2:29
  1  |  import { useMemo, useState } from "react";
  2  |  import { isWideScreen } from "../hooks/screen";
     |                                ^
  3  |  import { DetailModal } from "./DetailModal";
  4  |  var _jsxFileName = "/Users/leonid/UIprojects/burmistrov-ui/src/components/PreviewList.tsx";
4:43:17 PM [vite] (client) Pre-transform error: Failed to resolve import "../hooks/screen" from "src/components/PreviewList.tsx". Does the file exist?
  Plugin: vite:import-analysis
  File: /Users/leonid/UIprojects/burmistrov-ui/src/components/PreviewList.tsx:2:29
  1  |  import { useMemo, useState } from "react";
  2  |  import { isWideScreen } from "../hooks/screen";
     |                                ^
  3  |  import { DetailModal } from "./DetailModal";
  4  |  var _jsxFileName = "/Users/leonid/UIprojects/burmistrov-ui/src/components/PreviewList.tsx";
4:43:17 PM [vite] (client) Pre-transform error: Failed to resolve import "../hooks/screen" from "src/components/PreviewList.tsx". Does the file exist?
  Plugin: vite:import-analysis
  File: /Users/leonid/UIprojects/burmistrov-ui/src/components/PreviewList.tsx:2:29
  1  |  import { useMemo, useState } from "react";
  2  |  import { isWideScreen } from "../hooks/screen";
     |                                ^
  3  |  import { DetailModal } from "./DetailModal";
  4  |  var _jsxFileName = "/Users/leonid/UIprojects/burmistrov-ui/src/components/PreviewList.tsx";
4:43:17 PM [vite] (client) Pre-transform error: Failed to resolve import "../hooks/screen" from "src/components/PreviewList.tsx". Does the file exist?
  Plugin: vite:import-analysis
  File: /Users/leonid/UIprojects/burmistrov-ui/src/components/PreviewList.tsx:2:29
  1  |  import { useMemo, useState } from "react";
  2  |  import { isWideScreen } from "../hooks/screen";
     |                                ^
  3  |  import { DetailModal } from "./DetailModal";
  4  |  var _jsxFileName = "/Users/leonid/UIprojects/burmistrov-ui/src/components/PreviewList.tsx";
4:43:17 PM [vite] (client) Pre-transform error: Failed to resolve import "../hooks/screen" from "src/components/PreviewList.tsx". Does the file exist?
  Plugin: vite:import-analysis
  File: /Users/leonid/UIprojects/burmistrov-ui/src/components/PreviewList.tsx:2:29
  1  |  import { useMemo, useState } from "react";
  2  |  import { isWideScreen } from "../hooks/screen";
     |                                ^
  3  |  import { DetailModal } from "./DetailModal";
  4  |  var _jsxFileName = "/Users/leonid/UIprojects/burmistrov-ui/src/components/PreviewList.tsx";
4:43:17 PM [vite] (client) Pre-transform error: Failed to resolve import "../hooks/screen" from "src/components/PreviewList.tsx". Does the file exist?
  Plugin: vite:import-analysis
  File: /Users/leonid/UIprojects/burmistrov-ui/src/components/PreviewList.tsx:2:29
  1  |  import { useMemo, useState } from "react";
  2  |  import { isWideScreen } from "../hooks/screen";
     |                                ^
  3  |  import { DetailModal } from "./DetailModal";
  4  |  var _jsxFileName = "/Users/leonid/UIprojects/burmistrov-ui/src/components/PreviewList.tsx";
4:43:17 PM [vite] (client) Pre-transform error: Failed to resolve import "../hooks/screen" from "src/components/PreviewList.tsx". Does the file exist?
  Plugin: vite:import-analysis
  File: /Users/leonid/UIprojects/burmistrov-ui/src/components/PreviewList.tsx:2:29
  1  |  import { useMemo, useState } from "react";
  2  |  import { isWideScreen } from "../hooks/screen";
     |                                ^
  3  |  import { DetailModal } from "./DetailModal";
  4  |  var _jsxFileName = "/Users/leonid/UIprojects/burmistrov-ui/src/components/PreviewList.tsx";
4:43:17 PM [vite] (client) Pre-transform error: Failed to resolve import "../hooks/screen" from "src/components/PreviewList.tsx". Does the file exist?
  Plugin: vite:import-analysis
  File: /Users/leonid/UIprojects/burmistrov-ui/src/components/PreviewList.tsx:2:29
  1  |  import { useMemo, useState } from "react";
  2  |  import { isWideScreen } from "../hooks/screen";
     |                                ^
  3  |  import { DetailModal } from "./DetailModal";
  4  |  var _jsxFileName = "/Users/leonid/UIprojects/burmistrov-ui/src/components/PreviewList.tsx";
4:43:17 PM [vite] (client) Pre-transform error: Failed to resolve import "../hooks/screen" from "src/components/PreviewList.tsx". Does the file exist?
  Plugin: vite:import-analysis
  File: /Users/leonid/UIprojects/burmistrov-ui/src/components/PreviewList.tsx:2:29
  1  |  import { useMemo, useState } from "react";
  2  |  import { isWideScreen } from "../hooks/screen";
     |                                ^
  3  |  import { DetailModal } from "./DetailModal";
  4  |  var _jsxFileName = "/Users/leonid/UIprojects/burmistrov-ui/src/components/PreviewList.tsx";
4:43:17 PM [vite] (client) Pre-transform error: Failed to resolve import "../hooks/screen" from "src/components/PreviewList.tsx". Does the file exist?
  Plugin: vite:import-analysis
  File: /Users/leonid/UIprojects/burmistrov-ui/src/components/PreviewList.tsx:2:29
  1  |  import { useMemo, useState } from "react";
  2  |  import { isWideScreen } from "../hooks/screen";
     |                                ^
  3  |  import { DetailModal } from "./DetailModal";
  4  |  var _jsxFileName = "/Users/leonid/UIprojects/burmistrov-ui/src/components/PreviewList.tsx";
4:43:17 PM [vite] (client) Pre-transform error: Failed to resolve import "../hooks/screen" from "src/components/PreviewList.tsx". Does the file exist?
  Plugin: vite:import-analysis
  File: /Users/leonid/UIprojects/burmistrov-ui/src/components/PreviewList.tsx:2:29
  1  |  import { useMemo, useState } from "react";
  2  |  import { isWideScreen } from "../hooks/screen";
     |                                ^
  3  |  import { DetailModal } from "./DetailModal";
  4  |  var _jsxFileName = "/Users/leonid/UIprojects/burmistrov-ui/src/components/PreviewList.tsx";
4:43:17 PM [vite] (client) Pre-transform error: Failed to resolve import "../hooks/screen" from "src/components/PreviewList.tsx". Does the file exist?
  Plugin: vite:import-analysis
  File: /Users/leonid/UIprojects/burmistrov-ui/src/components/PreviewList.tsx:2:29
  1  |  import { useMemo, useState } from "react";
  2  |  import { isWideScreen } from "../hooks/screen";
     |                                ^
  3  |  import { DetailModal } from "./DetailModal";
  4  |  var _jsxFileName = "/Users/leonid/UIprojects/burmistrov-ui/src/components/PreviewList.tsx";
4:43:17 PM [vite] (client) Pre-transform error: Failed to resolve import "../hooks/screen" from "src/components/PreviewList.tsx". Does the file exist?
  Plugin: vite:import-analysis
  File: /Users/leonid/UIprojects/burmistrov-ui/src/components/PreviewList.tsx:2:29
  1  |  import { useMemo, useState } from "react";
  2  |  import { isWideScreen } from "../hooks/screen";
     |                                ^
  3  |  import { DetailModal } from "./DetailModal";
  4  |  var _jsxFileName = "/Users/leonid/UIprojects/burmistrov-ui/src/components/PreviewList.tsx";
4:43:17 PM [vite] (client) Pre-transform error: Failed to resolve import "../hooks/screen" from "src/components/PreviewList.tsx". Does the file exist?
  Plugin: vite:import-analysis
  File: /Users/leonid/UIprojects/burmistrov-ui/src/components/PreviewList.tsx:2:29
  1  |  import { useMemo, useState } from "react";
  2  |  import { isWideScreen } from "../hooks/screen";
     |                                ^
  3  |  import { DetailModal } from "./DetailModal";
  4  |  var _jsxFileName = "/Users/leonid/UIprojects/burmistrov-ui/src/components/PreviewList.tsx";
4:43:17 PM [vite] (client) Pre-transform error: Failed to resolve import "../hooks/screen" from "src/components/PreviewList.tsx". Does the file exist?
  Plugin: vite:import-analysis
  File: /Users/leonid/UIprojects/burmistrov-ui/src/components/PreviewList.tsx:2:29
  1  |  import { useMemo, useState } from "react";
  2  |  import { isWideScreen } from "../hooks/screen";
     |                                ^
  3  |  import { DetailModal } from "./DetailModal";
  4  |  var _jsxFileName = "/Users/leonid/UIprojects/burmistrov-ui/src/components/PreviewList.tsx";
4:43:17 PM [vite] (client) Pre-transform error: Failed to resolve import "../hooks/screen" from "src/components/PreviewList.tsx". Does the file exist?
  Plugin: vite:import-analysis
  File: /Users/leonid/UIprojects/burmistrov-ui/src/components/PreviewList.tsx:2:29
  1  |  import { useMemo, useState } from "react";
  2  |  import { isWideScreen } from "../hooks/screen";
     |                                ^
  3  |  import { DetailModal } from "./DetailModal";
  4  |  var _jsxFileName = "/Users/leonid/UIprojects/burmistrov-ui/src/components/PreviewList.tsx";
4:43:17 PM [vite] (client) Pre-transform error: Failed to resolve import "../hooks/screen" from "src/components/PreviewList.tsx". Does the file exist?
  Plugin: vite:import-analysis
  File: /Users/leonid/UIprojects/burmistrov-ui/src/components/PreviewList.tsx:2:29
  1  |  import { useMemo, useState } from "react";
  2  |  import { isWideScreen } from "../hooks/screen";
     |                                ^
  3  |  import { DetailModal } from "./DetailModal";
  4  |  var _jsxFileName = "/Users/leonid/UIprojects/burmistrov-ui/src/components/PreviewList.tsx";
4:43:17 PM [vite] (client) Pre-transform error: Failed to resolve import "../hooks/screen" from "src/components/PreviewList.tsx". Does the file exist?
  Plugin: vite:import-analysis
  File: /Users/leonid/UIprojects/burmistrov-ui/src/components/PreviewList.tsx:2:29
  1  |  import { useMemo, useState } from "react";
  2  |  import { isWideScreen } from "../hooks/screen";
     |                                ^
  3  |  import { DetailModal } from "./DetailModal";
  4  |  var _jsxFileName = "/Users/leonid/UIprojects/burmistrov-ui/src/components/PreviewList.tsx";
4:43:17 PM [vite] (client) Pre-transform error: Failed to resolve import "../hooks/screen" from "src/components/PreviewList.tsx". Does the file exist?
  Plugin: vite:import-analysis
  File: /Users/leonid/UIprojects/burmistrov-ui/src/components/PreviewList.tsx:2:29
  1  |  import { useMemo, useState } from "react";
  2  |  import { isWideScreen } from "../hooks/screen";
     |                                ^
  3  |  import { DetailModal } from "./DetailModal";
  4  |  var _jsxFileName = "/Users/leonid/UIprojects/burmistrov-ui/src/components/PreviewList.tsx";
4:43:17 PM [vite] (client) hmr update /src/pages/app/trainer/ClientCalendar.tsx, /src/pages/app/trainer/ProgramWorkoutFormModal.tsx, /src/pages/app/trainer/WorkoutExerciseFormModal.tsx, /src/pages/app/trainer/TrainerHome.tsx, /src/pages/app/trainer/WorkoutsSection.tsx, /src/pages/app/trainer/TrainingProgramsSection.tsx, /src/pages/app/trainer/ExercisesSection.tsx
4:43:17 PM [vite] (client) hmr invalidate /src/pages/app/trainer/WorkoutExerciseFormModal.tsx Could not Fast Refresh ("emptyWorkoutExerciseForm" export is incompatible). Learn more at https://github.com/vitejs/vite-plugin-react/tree/main/packages/plugin-react#consistent-components-exports
4:43:17 PM [vite] (client) hmr update /src/pages/app/trainer/TrainerWorkoutDetail.tsx, /src/pages/app/trainer/ProgramWorkoutCard.tsx, /src/pages/app/trainer/ClientCalendar.tsx
4:44:03 PM [vite] (client) page reload src/hooks/autoFocus.ts
4:48:41 PM [vite] (client) hmr update /src/pages/app/trainer/TrainerWorkoutDetail.tsx, /src/index.css
4:48:41 PM [vite] (client) hmr update /src/pages/app/trainer/TrainerProgramDetail.tsx, /src/index.css
4:48:42 PM [vite] (client) hmr update /src/index.css, /src/pages/app/trainer/ProgramWorkoutCard.tsx
4:53:20 PM [vite] (client) hmr update /src/index.css, /src/pages/app/trainer/TrainerScheduleCalendar.tsx
